// Jest Snapshot v1, https://goo.gl/fbAQLP

exports[`Loading should render 1`] = `
<View>
  <ActivityIndicator
    animating={true}
    color="#45D56E"
    hidesWhenStopped={true}
    size="large"
    style={
      Object {
        "height": 80,
      }
    }
  />
</View>
`;
