// Jest Snapshot v1, https://goo.gl/fbAQLP

exports[`MenuItem should render 1`] = `
<View
  accessible={true}
  isTVSelectable={true}
  onResponderGrant={[Function]}
  onResponderMove={[Function]}
  onResponderRelease={[Function]}
  onResponderTerminate={[Function]}
  onResponderTerminationRequest={[Function]}
  onStartShouldSetResponder={[Function]}
  style={null}
>
  <View
    button={true}
    onPress={[Function]}
    selected={false}
    style={
      Object {
        "alignItems": "center",
        "backgroundColor": "transparent",
        "borderBottomWidth": 0.5,
        "borderColor": "#c9c9c9",
        "flexDirection": "row",
        "marginLeft": 16,
        "paddingBottom": 13,
        "paddingRight": 16,
        "paddingTop": 13,
      }
    }
  >
    <Text
      style={
        Object {
          "alignSelf": "center",
          "color": "#000",
          "fontFamily": "System",
          "fontSize": 16,
        }
      }
      uppercase={false}
    >
      Books
    </Text>
  </View>
</View>
`;
