// Jest Snapshot v1, https://goo.gl/fbAQLP

exports[`withDimensions should render 1`] = `
Object {
  "fontScale": 2,
  "height": 1334,
  "scale": 2,
  "width": 750,
}
`;

exports[`withDimensions should render 2`] = `
Object {
  "fontScale": 2,
  "height": 1334,
  "scale": 2,
  "width": 750,
}
`;
