// Jest Snapshot v1, https://goo.gl/fbAQLP

exports[`CategoryCard should navigate to movie screen 1`] = `
Array [
  "ItemsByCategory",
  Object {
    "category": "movie",
  },
]
`;
