// Jest Snapshot v1, https://goo.gl/fbAQLP

exports[`Header should navigate on submit editing 1`] = `
Array [
  "Search",
  Object {
    "categories": Array [
      "song",
      "book",
    ],
    "query": "radha",
    "queryId": "radha-book,song",
  },
]
`;
