// Jest Snapshot v1, https://goo.gl/fbAQLP

exports[`MyComponent should render 1`] = `
<div>
  hi
</div>
`;
